[36mvite v5.4.20 [32mbuilding for production...[36m[39m
transforming...
node.exe : 
Browserslist: browsers 
data (caniuse-lite) is 
17 months old. Please 
run:
At line:1 char:1
+ & "C:\Program 
Files\nodejs/node.exe" 
"C:\Program 
Files\nodejs/node_mo 
...
+ ~~~~~~~~~~~~~~~~~~~~~
~~~~~~~~~~~~~~~~~~~~~~~
~~~~~~~~~~~~~~~~~~~~~~~
~~
    + CategoryInfo     
         : NotSpecifi  
  ed: (Browserslist:   
  b...ld. Please ru    
n::String) [], Rem    
oteException
    + FullyQualifiedEr 
   rorId : NativeComm  
  andError
 
  npx update-browsersli
st-db@latest
  Why you should do it 
regularly: https://gith
ub.com/browserslist/upd
ate-db#readme

A PostCSS plugin did 
not pass the `from` 
option to 
`postcss.parse`. This 
may cause imported 
assets to be 
incorrectly 
transformed. If you've 
recently added a 
PostCSS plugin that 
raised this warning, 
please contact the 
package author to fix 
the issue.
[32mΓ£ô[39m 1668 modules transformed.
[31mx[39m Build 
failed in 2.53s
[31merror during 
build:
[31m[vite:asset] 
Could not load C:\Users
\Gary\Desktop\Deadline 
Mentoria\Babykutty\Baby
kutty\attached_assets/l
ogo_1759561523289.png 
(imported by client/src
/components/Footer.tsx)
: ENOENT: no such file 
or directory, open 'C:\
Users\Gary\Desktop\Dead
line Mentoria\Babykutty
\Babykutty\attached_ass
ets\logo_1759561523289.
png'[31m
    at async open (node
:internal/fs/promises:6
42:25)
    at async 
Object.readFile (node:i
nternal/fs/promises:127
9:14)
    at async 
fileToBuiltUrl (file://
/C:/Users/Gary/Desktop/
Deadline%20Mentoria/Bab
ykutty/Babykutty/node_m
odules/vite/dist/node/c
hunks/dep-D_zLpgQd.js:2
0428:19)
    at async 
Object.load (file:///C:
/Users/Gary/Desktop/Dea
dline%20Mentoria/Babyku
tty/Babykutty/node_modu
les/vite/dist/node/chun
ks/dep-D_zLpgQd.js:2032
8:17)
    at async PluginDriv
er.hookFirstAndGetPlugi
n (file:///C:/Users/Gar
y/Desktop/Deadline%20Me
ntoria/Babykutty/Babyku
tty/node_modules/rollup
/dist/es/shared/node-en
try.js:20689:28)
    at async file:///C:
/Users/Gary/Desktop/Dea
dline%20Mentoria/Babyku
tty/Babykutty/node_modu
les/rollup/dist/es/shar
ed/node-entry.js:19809:
33
    at async 
Queue.work (file:///C:/
Users/Gary/Desktop/Dead
line%20Mentoria/Babykut
ty/Babykutty/node_modul
es/rollup/dist/es/share
d/node-entry.js:20899:3
2)[39m
